----------------------------------------------------------------
Wed Jun 10 16:09:40 NZST 2026:
Booting Derby version The Apache Software Foundation - Apache Derby - 10.14.2.0 - (1828579): instance a816c00e-019e-afb8-bea6-00003fafc310 
on database directory C:\Users\lukea\OneDrive\Documents\NetBeansProjects\PDC_knights_knaves\PDC_Project1\Knights_KnavesDB with class loader jdk.internal.loader.ClassLoaders$AppClassLoader@5c647e05 
Loaded from file:/C:/Users/lukea/OneDrive/Documents/NetBeansProjects/PDC_knights_knaves/PDC_Project1/lib/derby.jar
java.vendor=Azul Systems, Inc.
java.runtime.version=25.0.2+10-LTS
user.dir=C:\Users\lukea\OneDrive\Documents\NetBeansProjects\PDC_knights_knaves\PDC_Project1
os.name=Windows 10
os.arch=amd64
Wed Jun 10 15:25:13 NZST 2026:
Booting Derby version The Apache Software Foundation - Apache Derby - 10.14.2.0 - (1828579): instance a816c00e-019e-af90-0bd4-00001ecef818 
on database directory C:\Users\vishw\OneDrive\Documents\NetBeansProjects\PDC_knights_knaves\PDC_Project1\Knights_KnavesDB with class loader jdk.internal.loader.ClassLoaders$AppClassLoader@105be200 
Loaded from file:/C:/Users/vishw/OneDrive/Documents/NetBeansProjects/PDC_knights_knaves/PDC_Project1/lib/derby.jar
java.vendor=Eclipse Adoptium
java.runtime.version=25.0.2+10-LTS
user.dir=C:\Users\vishw\OneDrive\Documents\NetBeansProjects\PDC_knights_knaves\PDC_Project1
os.name=Windows 11
os.arch=amd64
os.version=10.0
derby.system.home=null
Database Class Loader started - derby.database.classpath=''
